  main.cpp
C:\Users\USER\Documents\data-structure-lab-2026-4\Lec10.Graph\Maze\main.cpp(7,1): error C3927: '->': 후행 반환 형식은 비함수 선언자 뒤에 올 수 없습니다.
C:\Users\USER\Documents\data-structure-lab-2026-4\Lec10.Graph\Maze\main.cpp(7,9): error C3484: 구문 오류: 반환 형식 앞에 '->'가 필요합니다.
C:\Users\USER\Documents\data-structure-lab-2026-4\Lec10.Graph\Maze\main.cpp(7,10): error C3613: '->' 후 반환 형식이 없습니다('int'로 간주됨).
C:\Users\USER\Documents\data-structure-lab-2026-4\Lec10.Graph\Maze\main.cpp(7,14): error C4430: 형식 지정자가 없습니다. int로 가정합니다. 참고: C++에서는 기본 int를 지원하지 않습니다.
C:\Users\USER\Documents\data-structure-lab-2026-4\Lec10.Graph\Maze\main.cpp(7,1): error C2371: 'intStack': 재정의. 기본 형식이 다릅니다.
  C:\Users\USER\Documents\data-structure-lab-2026-4\Lec10.Graph\Maze\main.cpp(6,12):
  'intStack' 선언을 참조하십시오.
  
C:\Users\USER\Documents\data-structure-lab-2026-4\Lec10.Graph\Maze\main.cpp(7,10): error C2146: 구문 오류: ';'이(가) 'push' 식별자 앞에 없습니다.
C:\Users\USER\Documents\data-structure-lab-2026-4\Lec10.Graph\Maze\main.cpp(9,1): error C3927: '->': 후행 반환 형식은 비함수 선언자 뒤에 올 수 없습니다.
C:\Users\USER\Documents\data-structure-lab-2026-4\Lec10.Graph\Maze\main.cpp(9,9): error C3484: 구문 오류: 반환 형식 앞에 '->'가 필요합니다.
C:\Users\USER\Documents\data-structure-lab-2026-4\Lec10.Graph\Maze\main.cpp(9,10): error C3613: '->' 후 반환 형식이 없습니다('int'로 간주됨).
C:\Users\USER\Documents\data-structure-lab-2026-4\Lec10.Graph\Maze\main.cpp(9,13): error C4430: 형식 지정자가 없습니다. int로 가정합니다. 참고: C++에서는 기본 int를 지원하지 않습니다.
C:\Users\USER\Documents\data-structure-lab-2026-4\Lec10.Graph\Maze\main.cpp(9,1): error C2371: 'intStack': 재정의. 기본 형식이 다릅니다.
  C:\Users\USER\Documents\data-structure-lab-2026-4\Lec10.Graph\Maze\main.cpp(6,12):
  'intStack' 선언을 참조하십시오.
  
C:\Users\USER\Documents\data-structure-lab-2026-4\Lec10.Graph\Maze\main.cpp(9,10): error C2146: 구문 오류: ';'이(가) 'pop' 식별자 앞에 없습니다.
C:\Users\USER\Documents\data-structure-lab-2026-4\Lec10.Graph\Maze\main.cpp(12,1): error C3927: '->': 후행 반환 형식은 비함수 선언자 뒤에 올 수 없습니다.
C:\Users\USER\Documents\data-structure-lab-2026-4\Lec10.Graph\Maze\main.cpp(12,6): error C3484: 구문 오류: 반환 형식 앞에 '->'가 필요합니다.
C:\Users\USER\Documents\data-structure-lab-2026-4\Lec10.Graph\Maze\main.cpp(12,7): error C3613: '->' 후 반환 형식이 없습니다('int'로 간주됨).
C:\Users\USER\Documents\data-structure-lab-2026-4\Lec10.Graph\Maze\main.cpp(12,11): error C4430: 형식 지정자가 없습니다. int로 가정합니다. 참고: C++에서는 기본 int를 지원하지 않습니다.
C:\Users\USER\Documents\data-structure-lab-2026-4\Lec10.Graph\Maze\main.cpp(12,1): error C2371: 'locSt': 재정의. 기본 형식이 다릅니다.
  C:\Users\USER\Documents\data-structure-lab-2026-4\Lec10.Graph\Maze\main.cpp(11,19):
  'locSt' 선언을 참조하십시오.
  
C:\Users\USER\Documents\data-structure-lab-2026-4\Lec10.Graph\Maze\main.cpp(12,7): error C2146: 구문 오류: ';'이(가) 'push' 식별자 앞에 없습니다.
C:\Users\USER\Documents\data-structure-lab-2026-4\Lec10.Graph\Maze\main.cpp(14,1): error C3927: '->': 후행 반환 형식은 비함수 선언자 뒤에 올 수 없습니다.
C:\Users\USER\Documents\data-structure-lab-2026-4\Lec10.Graph\Maze\main.cpp(14,6): error C3484: 구문 오류: 반환 형식 앞에 '->'가 필요합니다.
C:\Users\USER\Documents\data-structure-lab-2026-4\Lec10.Graph\Maze\main.cpp(14,7): error C3613: '->' 후 반환 형식이 없습니다('int'로 간주됨).
C:\Users\USER\Documents\data-structure-lab-2026-4\Lec10.Graph\Maze\main.cpp(14,10): error C4430: 형식 지정자가 없습니다. int로 가정합니다. 참고: C++에서는 기본 int를 지원하지 않습니다.
C:\Users\USER\Documents\data-structure-lab-2026-4\Lec10.Graph\Maze\main.cpp(14,1): error C2371: 'locSt': 재정의. 기본 형식이 다릅니다.
  C:\Users\USER\Documents\data-structure-lab-2026-4\Lec10.Graph\Maze\main.cpp(11,19):
  'locSt' 선언을 참조하십시오.
  
C:\Users\USER\Documents\data-structure-lab-2026-4\Lec10.Graph\Maze\main.cpp(14,7): error C2146: 구문 오류: ';'이(가) 'pop' 식별자 앞에 없습니다.
C:\Users\USER\Documents\data-structure-lab-2026-4\Lec10.Graph\Maze\main.cpp(52,17): error C2561: 'main': 함수는 값을 반환해야 합니다.
  C:\Users\USER\Documents\data-structure-lab-2026-4\Lec10.Graph\Maze\main.cpp(33,5):
  'main' 선언을 참조하십시오.
  
C:\Users\USER\Documents\data-structure-lab-2026-4\Lec10.Graph\Maze\main.cpp(66,5): error C2046: 대/소문자가 잘못되었습니다.
C:\Users\USER\Documents\data-structure-lab-2026-4\Lec10.Graph\Maze\main.cpp(75,13): error C2181: if와 짝을 이루지 않는 잘못된 else문입니다.
C:\Users\USER\Documents\data-structure-lab-2026-4\Lec10.Graph\Maze\main.cpp(76,21): error C2065: 'r': 선언되지 않은 식별자입니다.
C:\Users\USER\Documents\data-structure-lab-2026-4\Lec10.Graph\Maze\main.cpp(76,24): error C2065: 'c': 선언되지 않은 식별자입니다.
C:\Users\USER\Documents\data-structure-lab-2026-4\Lec10.Graph\Maze\main.cpp(77,32): error C2065: 'r': 선언되지 않은 식별자입니다.
C:\Users\USER\Documents\data-structure-lab-2026-4\Lec10.Graph\Maze\main.cpp(77,39): error C2065: 'c': 선언되지 않은 식별자입니다.
C:\Users\USER\Documents\data-structure-lab-2026-4\Lec10.Graph\Maze\main.cpp(77,74): error C2065: 'r': 선언되지 않은 식별자입니다.
C:\Users\USER\Documents\data-structure-lab-2026-4\Lec10.Graph\Maze\main.cpp(77,81): error C2065: 'c': 선언되지 않은 식별자입니다.
C:\Users\USER\Documents\data-structure-lab-2026-4\Lec10.Graph\Maze\main.cpp(78,32): error C2065: 'r': 선언되지 않은 식별자입니다.
C:\Users\USER\Documents\data-structure-lab-2026-4\Lec10.Graph\Maze\main.cpp(78,39): error C2065: 'c': 선언되지 않은 식별자입니다.
C:\Users\USER\Documents\data-structure-lab-2026-4\Lec10.Graph\Maze\main.cpp(78,74): error C2065: 'r': 선언되지 않은 식별자입니다.
C:\Users\USER\Documents\data-structure-lab-2026-4\Lec10.Graph\Maze\main.cpp(78,81): error C2065: 'c': 선언되지 않은 식별자입니다.
C:\Users\USER\Documents\data-structure-lab-2026-4\Lec10.Graph\Maze\main.cpp(79,32): error C2065: 'r': 선언되지 않은 식별자입니다.
C:\Users\USER\Documents\data-structure-lab-2026-4\Lec10.Graph\Maze\main.cpp(79,35): error C2065: 'c': 선언되지 않은 식별자입니다.
C:\Users\USER\Documents\data-structure-lab-2026-4\Lec10.Graph\Maze\main.cpp(79,74): error C2065: 'r': 선언되지 않은 식별자입니다.
C:\Users\USER\Documents\data-structure-lab-2026-4\Lec10.Graph\Maze\main.cpp(79,77): error C2065: 'c': 선언되지 않은 식별자입니다.
C:\Users\USER\Documents\data-structure-lab-2026-4\Lec10.Graph\Maze\main.cpp(80,32): error C2065: 'r': 선언되지 않은 식별자입니다.
C:\Users\USER\Documents\data-structure-lab-2026-4\Lec10.Graph\Maze\main.cpp(80,35): error C2065: 'c': 선언되지 않은 식별자입니다.
C:\Users\USER\Documents\data-structure-lab-2026-4\Lec10.Graph\Maze\main.cpp(80,74): error C2065: 'r': 선언되지 않은 식별자입니다.
C:\Users\USER\Documents\data-structure-lab-2026-4\Lec10.Graph\Maze\main.cpp(80,77): error C2065: 'c': 선언되지 않은 식별자입니다.
C:\Users\USER\Documents\data-structure-lab-2026-4\Lec10.Graph\Maze\main.cpp(85,2): error C2059: 구문 오류: '}'
C:\Users\USER\Documents\data-structure-lab-2026-4\Lec10.Graph\Maze\main.cpp(85,2): error C2143: 구문 오류: ';'이(가) '}' 앞에 없습니다.
C:\Users\USER\Documents\data-structure-lab-2026-4\Lec10.Graph\Maze\main.cpp(90,5): error C3927: '->': 후행 반환 형식은 비함수 선언자 뒤에 올 수 없습니다.
C:\Users\USER\Documents\data-structure-lab-2026-4\Lec10.Graph\Maze\main.cpp(90,13): error C3484: 구문 오류: 반환 형식 앞에 '->'가 필요합니다.
C:\Users\USER\Documents\data-structure-lab-2026-4\Lec10.Graph\Maze\main.cpp(90,14): error C3613: '->' 후 반환 형식이 없습니다('int'로 간주됨).
C:\Users\USER\Documents\data-structure-lab-2026-4\Lec10.Graph\Maze\main.cpp(90,24): error C4430: 형식 지정자가 없습니다. int로 가정합니다. 참고: C++에서는 기본 int를 지원하지 않습니다.
C:\Users\USER\Documents\data-structure-lab-2026-4\Lec10.Graph\Maze\main.cpp(90,5): error C2371: 'locDeque': 재정의. 기본 형식이 다릅니다.
  C:\Users\USER\Documents\data-structure-lab-2026-4\Lec10.Graph\Maze\main.cpp(88,23):
  'locDeque' 선언을 참조하십시오.
  
C:\Users\USER\Documents\data-structure-lab-2026-4\Lec10.Graph\Maze\main.cpp(90,14): error C2146: 구문 오류: ';'이(가) 'push_front' 식별자 앞에 없습니다.
C:\Users\USER\Documents\data-structure-lab-2026-4\Lec10.Graph\Maze\main.cpp(92,5): error C2059: 구문 오류: 'while'
C:\Users\USER\Documents\data-structure-lab-2026-4\Lec10.Graph\Maze\main.cpp(92,39): error C2143: 구문 오류: ';'이(가) '{' 앞에 없습니다.
C:\Users\USER\Documents\data-structure-lab-2026-4\Lec10.Graph\Maze\main.cpp(92,39): error C2447: '{': 함수 헤더가 없습니다. 이전 스타일의 형식 목록입니까?
C:\Users\USER\Documents\data-structure-lab-2026-4\Lec10.Graph\Maze\main.cpp(104,12): error C4430: 형식 지정자가 없습니다. int로 가정합니다. 참고: C++에서는 기본 int를 지원하지 않습니다.
C:\Users\USER\Documents\data-structure-lab-2026-4\Lec10.Graph\Maze\main.cpp(104,5): error C2365: 'printf': 재정의: 이전 정의는 '함수'입니다.
  C:\Program Files (x86)\Windows Kits\10\Include\10.0.22621.0\ucrt\stdio.h(950,37):
  'printf' 선언을 참조하십시오.
  
C:\Users\USER\Documents\data-structure-lab-2026-4\Lec10.Graph\Maze\main.cpp(105,5): error C2059: 구문 오류: '}'
C:\Users\USER\Documents\data-structure-lab-2026-4\Lec10.Graph\Maze\main.cpp(105,5): error C2143: 구문 오류: ';'이(가) '}' 앞에 없습니다.
C:\Users\USER\Documents\data-structure-lab-2026-4\Lec10.Graph\Maze\main.cpp(106,2): error C2143: 구문 오류: ';'이(가) '}' 앞에 없습니다.
C:\Users\USER\Documents\data-structure-lab-2026-4\Lec10.Graph\Maze\main.cpp(106,2): error C2059: 구문 오류: '}'
C:\Users\USER\Documents\data-structure-lab-2026-4\Lec10.Graph\Maze\main.cpp(107,2): error C2143: 구문 오류: ';'이(가) '}' 앞에 없습니다.
C:\Users\USER\Documents\data-structure-lab-2026-4\Lec10.Graph\Maze\main.cpp(107,2): error C2059: 구문 오류: '}'
