  main.cpp
C:\Users\USER\Documents\data-structure-lab-2026-4\Lec10.Graph\DFS\MinHeap.h(9,22): error C2512: 'HeapNode': 사용할 수 있는 적절한 기본 생성자가 없습니다.
  (소스 파일 'main.cpp'을(를) 컴파일하는 중)
  C:\Users\USER\Documents\data-structure-lab-2026-4\Lec10.Graph\DFS\HeapNode.h(2,7):
  'HeapNode' 선언을 참조하십시오.
  
C:\Users\USER\Documents\data-structure-lab-2026-4\Lec10.Graph\DFS\MinHeap.h(21,10): error C2660: 'HeapNode::setKey': 함수는 3개의 인수를 사용하지 않습니다.
  (소스 파일 'main.cpp'을(를) 컴파일하는 중)
  C:\Users\USER\Documents\data-structure-lab-2026-4\Lec10.Graph\DFS\HeapNode.h(8,7):
  'HeapNode::setKey' 선언을 참조하십시오.
  C:\Users\USER\Documents\data-structure-lab-2026-4\Lec10.Graph\DFS\MinHeap.h(21,10):
  인수 목록 '(int, int, int)'을(를) 일치시키는 동안
  
C:\Users\USER\Documents\data-structure-lab-2026-4\Lec10.Graph\DFS\VertexSets.h(4,13): error C2065: 'MAX_VTXS': 선언되지 않은 식별자입니다.
  (소스 파일 'main.cpp'을(를) 컴파일하는 중)
  
C:\Users\USER\Documents\data-structure-lab-2026-4\Lec10.Graph\DFS\VertexSets.h(9,14): error C3863: 배열 형식 'int [0]'은(는) 할당할 수 없습니다.
  (소스 파일 'main.cpp'을(를) 컴파일하는 중)
  
C:\Users\USER\Documents\data-structure-lab-2026-4\Lec10.Graph\DFS\VertexSets.h(18,14): error C3863: 배열 형식 'int [0]'은(는) 할당할 수 없습니다.
  (소스 파일 'main.cpp'을(를) 컴파일하는 중)
  
C:\Users\USER\Documents\data-structure-lab-2026-4\Lec10.Graph\DFS\main.cpp(53,3): error C2664: 'void WGraph::load(char *)': 인수 1을(를) 'const char [10]'에서 'char *'(으)로 변환할 수 없습니다.
  C:\Users\USER\Documents\data-structure-lab-2026-4\Lec10.Graph\DFS\main.cpp(53,9):
  문자열 리터럴로부터의 변환은 const 한정자가 손실됩니다(/Zc:strictStrings 참조).
  C:\Users\USER\Documents\data-structure-lab-2026-4\Lec10.Graph\DFS\AdjMatGraph.h(78,7):
  'WGraph::load' 선언을 참조하십시오.
  C:\Users\USER\Documents\data-structure-lab-2026-4\Lec10.Graph\DFS\main.cpp(53,3):
  인수 목록 '(const char [10])'을(를) 일치시키는 동안
  
C:\Users\USER\Documents\data-structure-lab-2026-4\Lec10.Graph\DFS\main.cpp(59,3): error C2664: 'void WGraph::load(char *)': 인수 1을(를) 'const char [10]'에서 'char *'(으)로 변환할 수 없습니다.
  C:\Users\USER\Documents\data-structure-lab-2026-4\Lec10.Graph\DFS\main.cpp(59,9):
  문자열 리터럴로부터의 변환은 const 한정자가 손실됩니다(/Zc:strictStrings 참조).
  C:\Users\USER\Documents\data-structure-lab-2026-4\Lec10.Graph\DFS\AdjMatGraph.h(78,7):
  'WGraph::load' 선언을 참조하십시오.
  C:\Users\USER\Documents\data-structure-lab-2026-4\Lec10.Graph\DFS\main.cpp(59,3):
  인수 목록 '(const char [10])'을(를) 일치시키는 동안
  
